
[EVENT BUS] Publishing: TARIFF_UPDATE

[LOGISTICS SIMULATOR] Received tariff update

=================================
     LOGISTICS SIMULATION
=================================
Product: Steel
HS Code: 7208
Origin: China
Destination: USA
New Tariff: 25%

--- BUSINESS SCENARIOS ---

Scenario: SCENARIO_1
Strategy: KEEP_CURRENT_SUPPLIER
Supplier: Supplier A
Country: China
Tariff: 25%
Total Cost: $17000
Transit: 28 days
Risk: 0.65


Scenario: SWITCH_TO_VIETNAM
Strategy: SWITCH_SUPPLIER
Supplier: Supplier B
Country: Vietnam
Tariff: 10%
Total Cost: $16550
Transit: 22 days
Risk: 0.35


Scenario: SWITCH_TO_INDIA
Strategy: SWITCH_SUPPLIER
Supplier: Supplier C
Country: India
Tariff: 5%
Total Cost: $14490
Transit: 18 days
Risk: 0.25


Scenario: SWITCH_TO_TAIWAN
Strategy: SWITCH_SUPPLIER
Supplier: Supplier D
Country: Taiwan
Tariff: 12%
Total Cost: $16224
Transit: 20 days
Risk: 0.3


[EVENT BUS] Publishing: TARIFF_UPDATE

[LOGISTICS SIMULATOR] Received tariff update

=================================
     LOGISTICS SIMULATION
=================================
Product: Aluminium
HS Code: 7601
Origin: India
Destination: USA
New Tariff: 18%

--- BUSINESS SCENARIOS ---

Scenario: SCENARIO_1
Strategy: KEEP_CURRENT_SUPPLIER
Supplier: Supplier C
Country: India
Tariff: 5%
Total Cost: $14490
Transit: 18 days
Risk: 0.25


Scenario: SWITCH_TO_CHINA
Strategy: SWITCH_SUPPLIER
Supplier: Supplier A
Country: China
Tariff: 25%
Total Cost: $17000
Transit: 28 days
Risk: 0.65


Scenario: SWITCH_TO_VIETNAM
Strategy: SWITCH_SUPPLIER
Supplier: Supplier B
Country: Vietnam
Tariff: 10%
Total Cost: $16550
Transit: 22 days
Risk: 0.35


Scenario: SWITCH_TO_TAIWAN
Strategy: SWITCH_SUPPLIER
Supplier: Supplier D
Country: Taiwan
Tariff: 12%
Total Cost: $16224
Transit: 20 days
Risk: 0.3


[EVENT BUS] Publishing: TARIFF_UPDATE

[LOGISTICS SIMULATOR] Received tariff update

=================================
     LOGISTICS SIMULATION
=================================
Product: Semiconductors
HS Code: 8541
Origin: Taiwan
Destination: USA
New Tariff: 12%

--- BUSINESS SCENARIOS ---

Scenario: SCENARIO_1
Strategy: KEEP_CURRENT_SUPPLIER
Supplier: Supplier D
Country: Taiwan
Tariff: 12%
Total Cost: $16224
Transit: 20 days
Risk: 0.3


Scenario: SWITCH_TO_CHINA
Strategy: SWITCH_SUPPLIER
Supplier: Supplier A
Country: China
Tariff: 25%
Total Cost: $17000
Transit: 28 days
Risk: 0.65


Scenario: SWITCH_TO_VIETNAM
Strategy: SWITCH_SUPPLIER
Supplier: Supplier B
Country: Vietnam
Tariff: 10%
Total Cost: $16550
Transit: 22 days
Risk: 0.35


Scenario: SWITCH_TO_INDIA
Strategy: SWITCH_SUPPLIER
Supplier: Supplier C
Country: India
Tariff: 5%
Total Cost: $14490
Transit: 18 days
Risk: 0.25


=================================
 PERSON 4 INTEGRATION API
=================================
Server running on port 4000

Available endpoints:
http://localhost:4000/
http://localhost:4000/api/tariffs
http://localhost:4000/api/simulation
http://localhost:4000/api/resilience-input

=================================
     LOGISTICS SIMULATION
=================================
Product: Steel
HS Code: 7208
Origin: China
Destination: USA
New Tariff: 25%

=================================
     LOGISTICS SIMULATION
=================================
Product: Aluminium
HS Code: 7601
Origin: India
Destination: USA
New Tariff: 18%

=================================
     LOGISTICS SIMULATION
=================================
Product: Semiconductors
HS Code: 8541
Origin: Taiwan
Destination: USA
New Tariff: 12%

=================================
     LOGISTICS SIMULATION
=================================
Product: Steel
HS Code: 7208
Origin: China
Destination: USA
New Tariff: 25%

=================================
     LOGISTICS SIMULATION
=================================
Product: Aluminium
HS Code: 7601
Origin: India
Destination: USA
New Tariff: 18%

=================================
     LOGISTICS SIMULATION
=================================
Product: Semiconductors
HS Code: 8541
Origin: Taiwan
Destination: USA
New Tariff: 12%

=================================
     LOGISTICS SIMULATION
=================================
Product: Steel
HS Code: 7208
Origin: China
Destination: USA
New Tariff: 25%

=================================
     LOGISTICS SIMULATION
=================================
Product: Aluminium
HS Code: 7601
Origin: India
Destination: USA
New Tariff: 18%

=================================
     LOGISTICS SIMULATION
=================================
Product: Semiconductors
HS Code: 8541
Origin: Taiwan
Destination: USA
New Tariff: 12%

=================================
     LOGISTICS SIMULATION
=================================
Product: Steel
HS Code: 7208
Origin: China
Destination: USA
New Tariff: 25%

=================================
     LOGISTICS SIMULATION
=================================
Product: Aluminium
HS Code: 7601
Origin: India
Destination: USA
New Tariff: 18%

=================================
     LOGISTICS SIMULATION
=================================
Product: Semiconductors
HS Code: 8541
Origin: Taiwan
Destination: USA
New Tariff: 12%

=================================
     LOGISTICS SIMULATION
=================================
Product: Steel
HS Code: 7208
Origin: China
Destination: USA
New Tariff: 25%

=================================
     LOGISTICS SIMULATION
=================================
Product: Aluminium
HS Code: 7601
Origin: India
Destination: USA
New Tariff: 18%

=================================
     LOGISTICS SIMULATION
=================================
Product: Semiconductors
HS Code: 8541
Origin: Taiwan
Destination: USA
New Tariff: 12%

=================================
     LOGISTICS SIMULATION
=================================
Product: Steel
HS Code: 7208
Origin: China
Destination: USA
New Tariff: 25%

=================================
     LOGISTICS SIMULATION
=================================
Product: Aluminium
HS Code: 7601
Origin: India
Destination: USA
New Tariff: 18%

=================================
     LOGISTICS SIMULATION
=================================
Product: Semiconductors
HS Code: 8541
Origin: Taiwan
Destination: USA
New Tariff: 12%
